
> temp_app@0.1.0 build C:\Users\Felix\OneDrive\Desktop\Telekom\Website\dev_preisliste\dts_saleshelper
> next build

ÔÜá turbopack.root should be absolute, using: C:\Users\Felix\OneDrive\Desktop\Telekom\Website\dev_preisliste\dts_saleshelper
Ôû▓ Next.js 16.1.6 (Turbopack)
- Environments: .env.production, .env
- Experiments (use with caution):
  ┬À optimizePackageImports

ÔÜá The "middleware" file convention is deprecated. Please use "proxy" instead. Learn more: https://nextjs.org/docs/messages/middleware-to-proxy
  Creating an optimized production build ...
Found 1 warning while optimizing generated CSS:

Ôöé     display: none;
Ôöé   }
Ôöé   @property --glow-angle {
Ôöå            ^-- Unknown at rule: @property
Ôöå
Ôöé     syntax: "<angle>";
Ôöé     initial-value: 0deg;

Ô£ô Compiled successfully in 10.7s
  Running TypeScript ...
Failed to compile.

./src/server/routers/odRegion.ts:56:45
Type error: Property 'role' does not exist on type '{ id: string; iss?: string | undefined; sub?: string | undefined; aud?: string | string[] | undefined; jti?: string | undefined; nbf?: number | undefined; exp?: number | undefined; iat?: number | undefined; }'.

  54 |         }))
  55 |         .mutation(async ({ ctx, input }) => {
> 56 |             if (!ctx.session || ctx.session.role !== 'ADMIN') {
     |                                             ^
  57 |                 throw new TRPCError({ code: 'FORBIDDEN', message: 'Keine Berechtigung' });
  58 |             }
  59 |
Next.js build worker exited with code: 1 and signal: null
ÔÇëELIFECYCLEÔÇë Command failed with exit code 1.
